// Jest Snapshot v1, https://goo.gl/fbAQLP

exports[`renders the dom like the snapshot when the props have default values. 1`] = `
<div
  className="narrow-form-page login"
>
  <form
    action={undefined}
    className="narrow-form"
    method={undefined}
  >
    <p>
      <a
        onClick={[Function]}
        tabIndex="5"
      >
        <span>
          <i
            className="icon-arrow-1-circle-left"
          />
           
        </span>
      </a>
    </p>
    <h3 />
    <div
      className="username-field input-wrap focused"
    >
      <label
        className="control-label"
        htmlFor="formUserId"
      />
      <input
        autoFocus={true}
        className="gq-input"
        id="formUserId"
        name="username"
        onChange={[Function]}
        onKeyPress={[Function]}
        tabIndex={1}
        type="text"
        value=""
      />
      <div
        className="validation-error"
      >
        <span
          className="text"
        >
          
        </span>
      </div>
    </div>
    <button
      className="gq-btn disabled btn btn-block btn-primary form-action-btn"
      onClick={[Function]}
      tabIndex={3}
      type="button"
    />
  </form>
  <div
    className="theme-image"
  />
</div>
`;
