// Jest Snapshot v1, https://goo.gl/fbAQLP

exports[`renders the dom like the snapshot when the props have default values. 1`] = `
<div
  className="narrow-form-page login"
>
  <form
    action={undefined}
    className="narrow-form"
    method={undefined}
  >
    <p>
      <a
        onClick={[Function]}
        tabIndex="1"
      >
        <span>
          <i
            className="icon-arrow-1-circle-left"
          />
           
        </span>
      </a>
    </p>
    <h3 />
    <p />
    <em>
       
    </em>
    <em>
      string
       
      <a
        className="tncLink"
        onClick={[Function]}
        tabIndex="2"
      >
         
      </a>
    </em>
    <div
      className="email-field input-wrap focused"
    >
      <label
        className="control-label"
        htmlFor="email"
      />
      <input
        className="gq-input"
        id="email"
        name="email"
        onChange={[Function]}
        onKeyPress={[Function]}
        tabIndex={3}
        type="email"
        value=""
      />
      <div
        className="validation-error"
      >
        <span
          className="text"
        >
          
        </span>
      </div>
    </div>
    <div
      className="andor"
    >
      <span
        className="and-or-hr"
      >
        <hr />
      </span>
      <span
        className="and-or-text"
      />
      <span
        className="and-or-hr"
      >
        <hr />
      </span>
    </div>
    <div
      className="phone-field input-wrap focused"
    >
      <label
        className="control-label"
        htmlFor="countryCode"
      />
      <select
        className="selectpicker gq-input"
        id="countryCode"
        name="countryCode"
        onChange={[Function]}
        tabIndex={4}
      >
        <option
          value={Object {}}
        />
      </select>
    </div>
    <div
      className="phone-field input-wrap focused"
    >
      <label
        className="control-label"
        htmlFor="formUserId"
      />
      <input
        className="gq-input"
        id="formUserId"
        name="phone"
        onChange={[Function]}
        onKeyPress={[Function]}
        tabIndex={5}
        type="tel"
        value=""
      />
      <div
        className="validation-error"
      >
        <span
          className="text"
        >
          
        </span>
      </div>
    </div>
    <button
      className="gq-btn disabled btn btn-block btn-primary form-action-btn"
      onClick={[Function]}
      tabIndex={6}
      type="button"
    />
    <p
      className="help"
    >
      <a
        onClick={[Function]}
        tabIndex="7"
      >
        <span />
      </a>
    </p>
  </form>
  <div
    className="theme-image"
  />
</div>
`;
