// Jest Snapshot v1, https://goo.gl/fbAQLP

exports[`renders the dom like the snapshot when the props have default values. 1`] = `
<div>
  <div />
</div>
`;
