// Jest Snapshot v1, https://goo.gl/fbAQLP

exports[`renders the dom like the snapshot when the props have default values. 1`] = `
<div
  className="narrow-form-page login"
>
  <form
    action={undefined}
    className="narrow-form"
    method={undefined}
  >
    <p>
      <a
        onClick={[Function]}
        tabIndex="5"
      >
        <span>
          <i
            className="icon-arrow-1-circle-left"
          />
           
        </span>
      </a>
    </p>
    <h3
      className="no-bottom"
    />
    <div>
      <p />
      <div
        className="input-wrap focused"
      >
        <label
          className="control-label"
          htmlFor="filterText"
        />
        <input
          autoFocus={true}
          className="gq-input"
          id="filterText"
          name="filterText"
          onChange={[Function]}
          onKeyPress={undefined}
          tabIndex="1"
          type="text"
          value=""
        />
      </div>
    </div>
    <div
      className="radio-wrapper overflow"
    >
      <div
        className="radio"
      >
        <label>
          <input
            checked={false}
            data-contact-type="EMAIL"
            data-shared={false}
            name="radio"
            onChange={[Function]}
            type="radio"
            value="12"
          />
          <span
            className="icon-email"
          />
          
          <span
            className="emailMOC"
            dangerouslySetInnerHTML={
              Object {
                "__html": "tom***r&#8203;@gmail.com",
              }
            }
          />
        </label>
      </div>
      <div
        className="radio"
      >
        <label>
          <input
            checked={false}
            data-contact-type="PHONE"
            data-shared={true}
            name="radio"
            onChange={[Function]}
            type="radio"
            value="13"
          />
          <span
            className="icon-smartphone"
          />
          <span
            className="info"
          >
            <span
              className="icon-users-male-female"
            />
            <span
              className="shared"
            />
          </span>
          <span
            className="emailMOC"
            dangerouslySetInnerHTML={
              Object {
                "__html": "6*******71",
              }
            }
          />
        </label>
      </div>
    </div>
    <button
      className="gq-btn disabled btn btn-block btn-primary form-action-btn"
      onClick={[Function]}
      tabIndex={3}
      type="button"
    />
    <p
      className="help"
    >
      <a
        onClick={[Function]}
        tabIndex="3"
      >
        <span />
      </a>
    </p>
  </form>
  <div
    className="theme-image"
  />
</div>
`;
